// Vitest Snapshot v1, https://vitest.dev/guide/snapshot.html

exports[`express-stream example > serves the expected HTML tags on /testPage 1`] = `
<!doctype html>
<html>
  <head>
    <meta charset="utf-8">
    <title>
      Readable Stream Builder Example
    </title>
  </head>
  <body>
    <h1>
      Readable Stream Builder Example
    </h1>
    <p>
      Status: ready to stream
    </p>
    <section>
      <p>
        Mix plain strings, async factories, and nested streams.
      </p>
    </section>
    <footer>
      powered by readable-stream-builder
    </footer>
  </body>
</html>
`;
